Archive member included because of file (symbol)

c:/freescale/kds_3.0.0/toolchain/bin/../lib/gcc/arm-none-eabi/4.8.4/armv7e-m\libgcc.a(_arm_addsubdf3.o)
                              ./Sources/timer.o (__aeabi_f2d)
c:/freescale/kds_3.0.0/toolchain/bin/../lib/gcc/arm-none-eabi/4.8.4/armv7e-m\libgcc.a(_arm_muldivdf3.o)
                              ./Sources/timer.o (__aeabi_ddiv)
c:/freescale/kds_3.0.0/toolchain/bin/../lib/gcc/arm-none-eabi/4.8.4/armv7e-m\libgcc.a(_arm_fixunsdfsi.o)
                              ./Sources/timer.o (__aeabi_d2uiz)
c:/freescale/kds_3.0.0/toolchain/bin/../lib/gcc/arm-none-eabi/4.8.4/armv7e-m\libgcc.a(_arm_addsubsf3.o)
                              ./Sources/timer.o (__aeabi_ui2f)
c:/freescale/kds_3.0.0/toolchain/bin/../lib/gcc/arm-none-eabi/4.8.4/armv7e-m\libgcc.a(_arm_muldivsf3.o)
                              ./Sources/timer.o (__aeabi_fmul)
c:/freescale/kds_3.0.0/toolchain/bin/../lib/gcc/arm-none-eabi/4.8.4/../../../../arm-none-eabi/lib/armv7e-m\libg_s.a(lib_a-exit.o)
                              c:/freescale/kds_3.0.0/toolchain/bin/../lib/gcc/arm-none-eabi/4.8.4/../../../../arm-none-eabi/lib/armv7e-m/crt0.o (exit)
c:/freescale/kds_3.0.0/toolchain/bin/../lib/gcc/arm-none-eabi/4.8.4/../../../../arm-none-eabi/lib/armv7e-m\libg_s.a(lib_a-impure.o)
                              c:/freescale/kds_3.0.0/toolchain/bin/../lib/gcc/arm-none-eabi/4.8.4/../../../../arm-none-eabi/lib/armv7e-m\libg_s.a(lib_a-exit.o) (_global_impure_ptr)
c:/freescale/kds_3.0.0/toolchain/bin/../lib/gcc/arm-none-eabi/4.8.4/../../../../arm-none-eabi/lib/armv7e-m\libg_s.a(lib_a-init.o)
                              c:/freescale/kds_3.0.0/toolchain/bin/../lib/gcc/arm-none-eabi/4.8.4/../../../../arm-none-eabi/lib/armv7e-m/crt0.o (__libc_init_array)
c:/freescale/kds_3.0.0/toolchain/bin/../lib/gcc/arm-none-eabi/4.8.4/../../../../arm-none-eabi/lib/armv7e-m\libg_s.a(lib_a-memcpy-stub.o)
                              ./Sources/esp8266_at_command.o (memcpy)
c:/freescale/kds_3.0.0/toolchain/bin/../lib/gcc/arm-none-eabi/4.8.4/../../../../arm-none-eabi/lib/armv7e-m\libg_s.a(lib_a-memset.o)
                              c:/freescale/kds_3.0.0/toolchain/bin/../lib/gcc/arm-none-eabi/4.8.4/../../../../arm-none-eabi/lib/armv7e-m/crt0.o (memset)
c:/freescale/kds_3.0.0/toolchain/bin/../lib/gcc/arm-none-eabi/4.8.4/../../../../arm-none-eabi/lib/armv7e-m\libg_s.a(lib_a-sprintf.o)
                              ./Sources/esp8266_at_command.o (sprintf)
c:/freescale/kds_3.0.0/toolchain/bin/../lib/gcc/arm-none-eabi/4.8.4/../../../../arm-none-eabi/lib/armv7e-m\libg_s.a(lib_a-sscanf.o)
                              ./Sources/esp8266_at_command.o (sscanf)
c:/freescale/kds_3.0.0/toolchain/bin/../lib/gcc/arm-none-eabi/4.8.4/../../../../arm-none-eabi/lib/armv7e-m\libg_s.a(lib_a-stdio.o)
                              c:/freescale/kds_3.0.0/toolchain/bin/../lib/gcc/arm-none-eabi/4.8.4/../../../../arm-none-eabi/lib/armv7e-m\libg_s.a(lib_a-sscanf.o) (__seofread)
c:/freescale/kds_3.0.0/toolchain/bin/../lib/gcc/arm-none-eabi/4.8.4/../../../../arm-none-eabi/lib/armv7e-m\libg_s.a(lib_a-strcat.o)
                              ./Sources/esp8266_at_command.o (strcat)
c:/freescale/kds_3.0.0/toolchain/bin/../lib/gcc/arm-none-eabi/4.8.4/../../../../arm-none-eabi/lib/armv7e-m\libg_s.a(lib_a-strchr.o)
                              ./Sources/esp8266_at_command.o (strchr)
c:/freescale/kds_3.0.0/toolchain/bin/../lib/gcc/arm-none-eabi/4.8.4/../../../../arm-none-eabi/lib/armv7e-m\libg_s.a(lib_a-strcmp.o)
                              ./Sources/esp8266_at_command.o (strcmp)
c:/freescale/kds_3.0.0/toolchain/bin/../lib/gcc/arm-none-eabi/4.8.4/../../../../arm-none-eabi/lib/armv7e-m\libg_s.a(lib_a-strcpy.o)
                              ./Sources/esp8266_at_command.o (strcpy)
c:/freescale/kds_3.0.0/toolchain/bin/../lib/gcc/arm-none-eabi/4.8.4/../../../../arm-none-eabi/lib/armv7e-m\libg_s.a(lib_a-strlen.o)
                              ./Sources/esp8266_at_command.o (strlen)
c:/freescale/kds_3.0.0/toolchain/bin/../lib/gcc/arm-none-eabi/4.8.4/../../../../arm-none-eabi/lib/armv7e-m\libg_s.a(lib_a-strncmp.o)
                              ./Sources/esp8266_at_command.o (strncmp)
c:/freescale/kds_3.0.0/toolchain/bin/../lib/gcc/arm-none-eabi/4.8.4/../../../../arm-none-eabi/lib/armv7e-m\libg_s.a(lib_a-strncpy.o)
                              ./Sources/esp8266_at_command.o (strncpy)
c:/freescale/kds_3.0.0/toolchain/bin/../lib/gcc/arm-none-eabi/4.8.4/../../../../arm-none-eabi/lib/armv7e-m\libg_s.a(lib_a-strstr.o)
                              ./Sources/esp8266_at_command.o (strstr)
c:/freescale/kds_3.0.0/toolchain/bin/../lib/gcc/arm-none-eabi/4.8.4/../../../../arm-none-eabi/lib/armv7e-m\libg_s.a(lib_a-svfprintf.o)
                              c:/freescale/kds_3.0.0/toolchain/bin/../lib/gcc/arm-none-eabi/4.8.4/../../../../arm-none-eabi/lib/armv7e-m\libg_s.a(lib_a-sprintf.o) (_svfprintf_r)
[...]
Memory Configuration

Name             Origin             Length             Attributes
m_interrupts     0x00000000         0x00000400         xr
m_flash_config   0x00000400         0x00000010         xr
m_text           0x00000410         0x0001fbf0         xr
m_data           0x1fffc000         0x00004000         rw
m_data_2         0x20000000         0x00004000         rw
*default*        0x00000000         0xffffffff

Linker script and memory map

LOAD c:/freescale/kds_3.0.0/toolchain/bin/../lib/gcc/arm-none-eabi/4.8.4/armv7e-m/crti.o
LOAD c:/freescale/kds_3.0.0/toolchain/bin/../lib/gcc/arm-none-eabi/4.8.4/armv7e-m/crtbegin.o
LOAD c:/freescale/kds_3.0.0/toolchain/bin/../lib/gcc/arm-none-eabi/4.8.4/../../../../arm-none-eabi/lib/armv7e-m/crt0.o
LOAD ./Sources/esp8266_at_command.o
LOAD ./Sources/main.o
LOAD ./Sources/port.o
LOAD ./Sources/timer.o
LOAD ./Sources/uart.o
LOAD ./Project_Settings/Startup_Code/startup_MK12D5.o
LOAD ./Project_Settings/Startup_Code/system_MK12D5.o
LOAD c:/freescale/kds_3.0.0/toolchain/bin/../lib/gcc/arm-none-eabi/4.8.4/../../../../arm-none-eabi/lib/armv7e-m\libstdc++_s.a
LOAD c:/freescale/kds_3.0.0/toolchain/bin/../lib/gcc/arm-none-eabi/4.8.4/../../../../arm-none-eabi/lib/armv7e-m\libm.a
START GROUP
LOAD c:/freescale/kds_3.0.0/toolchain/bin/../lib/gcc/arm-none-eabi/4.8.4/armv7e-m\libgcc.a
LOAD c:/freescale/kds_3.0.0/toolchain/bin/../lib/gcc/arm-none-eabi/4.8.4/../../../../arm-none-eabi/lib/armv7e-m\libg_s.a
LOAD c:/freescale/kds_3.0.0/toolchain/bin/../lib/gcc/arm-none-eabi/4.8.4/../../../../arm-none-eabi/lib/armv7e-m\libc_s.a
END GROUP
START GROUP
LOAD c:/freescale/kds_3.0.0/toolchain/bin/../lib/gcc/arm-none-eabi/4.8.4/armv7e-m\libgcc.a
LOAD c:/freescale/kds_3.0.0/toolchain/bin/../lib/gcc/arm-none-eabi/4.8.4/../../../../arm-none-eabi/lib/armv7e-m\libc_s.a
LOAD c:/freescale/kds_3.0.0/toolchain/bin/../lib/gcc/arm-none-eabi/4.8.4/../../../../arm-none-eabi/lib/armv7e-m\libnosys.a
END GROUP
START GROUP
LOAD c:/freescale/kds_3.0.0/toolchain/bin/../lib/gcc/arm-none-eabi/4.8.4/armv7e-m\libgcc.a
LOAD c:/freescale/kds_3.0.0/toolchain/bin/../lib/gcc/arm-none-eabi/4.8.4/../../../../arm-none-eabi/lib/armv7e-m\libc_s.a
LOAD c:/freescale/kds_3.0.0/toolchain/bin/../lib/gcc/arm-none-eabi/4.8.4/../../../../arm-none-eabi/lib/armv7e-m\libnosys.a
END GROUP
LOAD c:/freescale/kds_3.0.0/toolchain/bin/../lib/gcc/arm-none-eabi/4.8.4/armv7e-m/crtend.o
LOAD c:/freescale/kds_3.0.0/toolchain/bin/../lib/gcc/arm-none-eabi/4.8.4/armv7e-m/crtn.o
                0x00000400                HEAP_SIZE = DEFINED (__heap_size__)?__heap_size__:0x400
                0x00000400                STACK_SIZE = DEFINED (__stack_size__)?__stack_size__:0x400

.interrupts     0x00000000      0x400
                0x00000000                __VECTOR_TABLE = .
                0x00000000                . = ALIGN (0x4)
 *(.isr_vector)
 .isr_vector    0x00000000      0x400 ./Project_Settings/Startup_Code/startup_MK12D5.o
                0x00000000                __isr_vector
                0x00000400                . = ALIGN (0x4)

.flash_config   0x00000400       0x10
                0x00000400                . = ALIGN (0x4)
 *(.FlashConfig)
 .FlashConfig   0x00000400       0x10 ./Project_Settings/Startup_Code/startup_MK12D5.o
                0x00000410                . = ALIGN (0x4)

.text           0x00000410     0x4cb4
                0x00000410                . = ALIGN (0x4)
 *(.text)
 .text          0x00000410       0x54 c:/freescale/kds_3.0.0/toolchain/bin/../lib/gcc/arm-none-eabi/4.8.4/armv7e-m/crtbegin.o
 .text          0x00000464       0x74 c:/freescale/kds_3.0.0/toolchain/bin/../lib/gcc/arm-none-eabi/4.8.4/../../../../arm-none-eabi/lib/armv7e-m/crt0.o
                0x00000464                _start
                0x00000464                _mainCRTStartup
 .text          0x000004d8       0x30 ./Project_Settings/Startup_Code/startup_MK12D5.o
                0x000004d8                Reset_Handler
                0x00000504                I2C0_IRQHandler
                0x00000504                HardFault_Handler
                0x00000504                SysTick_Handler
                0x00000504                UART3_RX_TX_IRQHandler
                0x00000504                PendSV_Handler
                0x00000504                NMI_Handler
                0x00000504                I2C1_IRQHandler
                0x00000504                DMA2_IRQHandler
                0x00000504                Watchdog_IRQHandler
                0x00000504                LLWU_IRQHandler
                0x00000504                SWI_IRQHandler
                0x00000504                ADC0_IRQHandler
                0x00000504                Reserved39_IRQHandler
                0x00000504                UsageFault_Handler
                0x00000504                I2S0_Tx_IRQHandler
                0x00000504                CMT_IRQHandler
                0x00000504                SPI1_IRQHandler
                0x00000504                DefaultISR
                0x00000504                DMA9_IRQHandler
                0x00000504                DMA14_IRQHandler
                0x00000504                CMP1_IRQHandler
                0x00000504                Reserved71_IRQHandler
                0x00000504                PORTD_IRQHandler
                0x00000504                Reserved69_IRQHandler
                0x00000504                PORTB_IRQHandler
                0x00000504                Reserved70_IRQHandler
                0x00000504                PIT2_IRQHandler
                0x00000504                I2S0_Rx_IRQHandler
                0x00000504                LPTimer_IRQHandler
                0x00000504                DMA5_IRQHandler
                0x00000504                RTC_IRQHandler
                0x00000504                PDB0_IRQHandler
                0x00000504                DebugMon_Handler
                0x00000504                FTM1_IRQHandler
                0x00000504                UART3_ERR_IRQHandler
                0x00000504                PIT3_IRQHandler
                0x00000504                RTC_Seconds_IRQHandler
                0x00000504                MCG_IRQHandler
                0x00000504                DMA11_IRQHandler
                0x00000504                Read_Collision_IRQHandler
                0x00000504                DMA7_IRQHandler
                0x00000504                MemManage_Handler
                0x00000504                SVC_Handler
                0x00000504                DMA13_IRQHandler
                0x00000504                DMA3_IRQHandler
                0x00000504                UART0_LON_IRQHandler
                0x00000504                DMA0_IRQHandler
                0x00000504                DMA15_IRQHandler
                0x00000504                DAC0_IRQHandler
                0x00000504                DMA4_IRQHandler
                0x00000504                PIT1_IRQHandler
                0x00000504                DMA_Error_IRQHandler
                0x00000504                LVD_LVW_IRQHandler
                0x00000504                SPI0_IRQHandler
                0x00000504                FTM0_IRQHandler
                0x00000504                PORTA_IRQHandler
                0x00000504                MCM_IRQHandler
                0x00000504                DMA12_IRQHandler
                0x00000504                FTFL_IRQHandler
                0x00000504                PORTE_IRQHandler
                0x00000504                FTM2_IRQHandler
                0x00000504                BusFault_Handler
                0x00000504                DMA8_IRQHandler
                0x00000504                DMA10_IRQHandler
                0x00000504                CMP0_IRQHandler
                0x00000504                PORTC_IRQHandler
                0x00000504                DMA6_IRQHandler
                0x00000504                DMA1_IRQHandler
 .text          0x00000508      0x370 c:/freescale/kds_3.0.0/toolchain/bin/../lib/gcc/arm-none-eabi/4.8.4/armv7e-m\libgcc.a(_arm_addsubdf3.o)
                0x00000508                __aeabi_drsub
                0x00000510                __aeabi_dsub
                0x00000510                __subdf3
                0x00000514                __aeabi_dadd
                0x00000514                __adddf3
                0x0000078c                __floatunsidf
                0x0000078c                __aeabi_ui2d
                0x000007ac                __floatsidf
                0x000007ac                __aeabi_i2d
                0x000007d0                __aeabi_f2d
                0x000007d0                __extendsfdf2
                0x0000080c                __floatundidf
                0x0000080c                __aeabi_ul2d
                0x0000081c                __floatdidf
                0x0000081c                __aeabi_l2d
 .text          0x00000878      0x424 c:/freescale/kds_3.0.0/toolchain/bin/../lib/gcc/arm-none-eabi/4.8.4/armv7e-m\libgcc.a(_arm_muldivdf3.o)
                0x00000878                __aeabi_dmul
                0x00000878                __muldf3
                0x00000acc                __divdf3
                0x00000acc                __aeabi_ddiv
 .text          0x00000c9c       0x40 c:/freescale/kds_3.0.0/toolchain/bin/../lib/gcc/arm-none-eabi/4.8.4/armv7e-m\libgcc.a(_arm_fixunsdfsi.o)
                0x00000c9c                __aeabi_d2uiz
                0x00000c9c                __fixunsdfsi
 .text          0x00000cdc      0x21c c:/freescale/kds_3.0.0/toolchain/bin/../lib/gcc/arm-none-eabi/4.8.4/armv7e-m\libgcc.a(_arm_addsubsf3.o)
                0x00000cdc                __aeabi_frsub
                0x00000ce4                __subsf3
                0x00000ce4                __aeabi_fsub
                0x00000ce8                __aeabi_fadd
                0x00000ce8                __addsf3
                0x00000e48                __aeabi_ui2f
                0x00000e48                __floatunsisf
                0x00000e50                __aeabi_i2f
                0x00000e50                __floatsisf
                0x00000e6c                __aeabi_ul2f
                0x00000e6c                __floatundisf
                0x00000e7c                __aeabi_l2f
                0x00000e7c                __floatdisf
 *(.text*)
 .text.AT_Prepare
                0x00000ef8       0x24 ./Sources/esp8266_at_command.o
                0x00000ef8                AT_Prepare
 .text.At_Command
                0x00000f1c      0x158 ./Sources/esp8266_at_command.o
 .text.IsOK     0x00001074       0x28 ./Sources/esp8266_at_command.o
 .text.AT_Get_Param
                0x0000109c      0x100 ./Sources/esp8266_at_command.o
 .text.AT_Set_Delimiter
                0x0000119c       0x20 ./Sources/esp8266_at_command.o
 .text.Is_AT_Completed
                0x000011bc       0x28 ./Sources/esp8266_at_command.o
 .text.AT_Receive_Completed
                0x000011e4       0xac ./Sources/esp8266_at_command.o
 .text.IPD_Receive_Completed
                0x00001290       0xc8 ./Sources/esp8266_at_command.o
 .text._Receive_Completed
                0x00001358       0x7c ./Sources/esp8266_at_command.o
 .text.AT_Exe   0x000013d4       0x34 ./Sources/esp8266_at_command.o
                0x000013d4                AT_Exe
 .text.AT_RST_Exe
                0x00001408       0x34 ./Sources/esp8266_at_command.o
                0x00001408                AT_RST_Exe
 .text.AT_GMR_Exe
                0x0000143c      0x120 ./Sources/esp8266_at_command.o
                0x0000143c                AT_GMR_Exe
 .text.AT_SLEEP_Query
                0x0000155c       0x90 ./Sources/esp8266_at_command.o
                0x0000155c                AT_SLEEP_Query
 .text.AT_SLEEP_Set
                0x000015ec       0x5c ./Sources/esp8266_at_command.o
                0x000015ec                AT_SLEEP_Set
 .text.AT_RFPOWER_Set
                0x00001648       0x5c ./Sources/esp8266_at_command.o
                0x00001648                AT_RFPOWER_Set
 .text.AT_RFVDD_Query
                0x000016a4       0x9c ./Sources/esp8266_at_command.o
                0x000016a4                AT_RFVDD_Query
 .text.AT_CWMODE_CUR_Query
                0x00001740       0x90 ./Sources/esp8266_at_command.o
                0x00001740                AT_CWMODE_CUR_Query
 .text.AT_CIPSTAMAC_CUR_Query
                0x000017d0       0xec ./Sources/esp8266_at_command.o
                0x000017d0                AT_CIPSTAMAC_CUR_Query
 .text.AT_CIPAPMAC_CUR_Query
                0x000018bc       0xec ./Sources/esp8266_at_command.o
                0x000018bc                AT_CIPAPMAC_CUR_Query
 .text.AT_CIPSTA_CUR_Query
                0x000019a8      0x210 ./Sources/esp8266_at_command.o
                0x000019a8                AT_CIPSTA_CUR_Query
 .text.AT_CIPSTA_DEF_Query
                0x00001bb8      0x210 ./Sources/esp8266_at_command.o
                0x00001bb8                AT_CIPSTA_DEF_Query
 .text.AT_CIPAP_CUR_Query
                0x00001dc8      0x210 ./Sources/esp8266_at_command.o
                0x00001dc8                AT_CIPAP_CUR_Query
 .text.AT_CIPAP_DEF_Query
                0x00001fd8      0x210 ./Sources/esp8266_at_command.o
                0x00001fd8                AT_CIPAP_DEF_Query
 .text.main     0x000021e8       0x34 ./Sources/main.o
                0x000021e8                main
 .text.Initialize
                0x0000221c       0x20 ./Sources/main.o
                0x0000221c                Initialize
 .text.Test_AT_Command
                0x0000223c      0x354 ./Sources/main.o
                0x0000223c                Test_AT_Command
 .text.Port_Init
                0x00002590      0x1bc ./Sources/port.o
                0x00002590                Port_Init
 .text.Red_LED_On
                0x0000274c       0x30 ./Sources/port.o
                0x0000274c                Red_LED_On
 .text.Green_LED_On
                0x0000277c       0x30 ./Sources/port.o
                0x0000277c                Green_LED_On
 .text.NVIC_EnableIRQ
                0x000027ac       0x30 ./Sources/timer.o
 .text.NVIC_ClearPendingIRQ
                0x000027dc       0x34 ./Sources/timer.o
 .text.Timer_Init
                0x00002810       0x84 ./Sources/timer.o
                0x00002810                Timer_Init
 .text.Timer_Register_Callback
                0x00002894       0xc8 ./Sources/timer.o
                0x00002894                Timer_Register_Callback
 .text.Timer_Unregister_Callback
                0x0000295c       0x30 ./Sources/timer.o
                0x0000295c                Timer_Unregister_Callback
 .text.PIT0_IRQHandler
                0x0000298c      0x110 ./Sources/timer.o
                0x0000298c                PIT0_IRQHandler
 .text.NVIC_EnableIRQ
                0x00002a9c       0x30 ./Sources/uart.o
 .text.NVIC_ClearPendingIRQ
                0x00002acc       0x34 ./Sources/uart.o
 .text.Uart_Config
                0x00002b00      0x12c ./Sources/uart.o
                0x00002b00                Uart_Config
 .text.Uart_Set_Baudrate
                0x00002c2c       0x8c ./Sources/uart.o
                0x00002c2c                Uart_Set_Baudrate
 .text.Uart_Register_Receive_Completed_Handler
                0x00002cb8       0x24 ./Sources/uart.o
                0x00002cb8                Uart_Register_Receive_Completed_Handler
 .text.Uart_Send_Data_Async
                0x00002cdc       0x94 ./Sources/uart.o
                0x00002cdc                Uart_Send_Data_Async
 .text.Uart_Set_Receive_Buffer
                0x00002d70       0x40 ./Sources/uart.o
                0x00002d70                Uart_Set_Receive_Buffer
 .text.Uart_Receive_Data_Count
                0x00002db0       0x20 ./Sources/uart.o
                0x00002db0                Uart_Receive_Data_Count
 .text.Uart_Timeout_Callback
                0x00002dd0       0x34 ./Sources/uart.o
 .text.Uart_Start_Timeout_Timer
                0x00002e04       0x4c ./Sources/uart.o
 .text.Uart_Stop_Timeout_Timer
                0x00002e50       0x3c ./Sources/uart.o
 .text.UART0_RX_TX_IRQHandler
                0x00002e8c        0xc ./Sources/uart.o
                0x00002e8c                UART0_RX_TX_IRQHandler
 .text.UART1_RX_TX_IRQHandler
                0x00002e98        0xc ./Sources/uart.o
                0x00002e98                UART1_RX_TX_IRQHandler
 .text.UART2_RX_TX_IRQHandler
                0x00002ea4        0xc ./Sources/uart.o
                0x00002ea4                UART2_RX_TX_IRQHandler
 .text.Uart_State_Machine
                0x00002eb0      0x260 ./Sources/uart.o
 .text.UART0_ERR_IRQHandler
                0x00003110       0x50 ./Sources/uart.o
                0x00003110                UART0_ERR_IRQHandler
 .text.UART1_ERR_IRQHandler
                0x00003160       0x2c ./Sources/uart.o
                0x00003160                UART1_ERR_IRQHandler
 .text.UART2_ERR_IRQHandler
                0x0000318c       0x2c ./Sources/uart.o
                0x0000318c                UART2_ERR_IRQHandler
 .text.SystemInit
                0x000031b8      0x1f0 ./Project_Settings/Startup_Code/system_MK12D5.o
                0x000031b8                SystemInit
 .text.SystemCoreClockUpdate
                0x000033a8      0x250 ./Project_Settings/Startup_Code/system_MK12D5.o
                0x000033a8                SystemCoreClockUpdate
 .text.exit     0x000035f8       0x28 c:/freescale/kds_3.0.0/toolchain/bin/../lib/gcc/arm-none-eabi/4.8.4/../../../../arm-none-eabi/lib/armv7e-m\libg_s.a(lib_a-exit.o)
                0x000035f8                exit
 .text.__libc_init_array
                0x00003620       0x4c c:/freescale/kds_3.0.0/toolchain/bin/../lib/gcc/arm-none-eabi/4.8.4/../../../../arm-none-eabi/lib/armv7e-m\libg_s.a(lib_a-init.o)
                0x00003620                __libc_init_array
 .text.memcpy   0x0000366c       0x12 c:/freescale/kds_3.0.0/toolchain/bin/../lib/gcc/arm-none-eabi/4.8.4/../../../../arm-none-eabi/lib/armv7e-m\libg_s.a(lib_a-memcpy-stub.o)
                0x0000366c                memcpy
 .text.memset   0x0000367e       0x10 c:/freescale/kds_3.0.0/toolchain/bin/../lib/gcc/arm-none-eabi/4.8.4/../../../../arm-none-eabi/lib/armv7e-m\libg_s.a(lib_a-memset.o)
                0x0000367e                memset
 *fill*         0x0000368e        0x2 
 .text.sprintf  0x00003690       0x48 c:/freescale/kds_3.0.0/toolchain/bin/../lib/gcc/arm-none-eabi/4.8.4/../../../../arm-none-eabi/lib/armv7e-m\libg_s.a(lib_a-sprintf.o)
                0x00003690                siprintf
                0x00003690                sprintf
 .text.sscanf   0x000036d8       0x54 c:/freescale/kds_3.0.0/toolchain/bin/../lib/gcc/arm-none-eabi/4.8.4/../../../../arm-none-eabi/lib/armv7e-m\libg_s.a(lib_a-sscanf.o)
                0x000036d8                siscanf
                0x000036d8                sscanf
 .text.__seofread
                0x0000372c        0x4 c:/freescale/kds_3.0.0/toolchain/bin/../lib/gcc/arm-none-eabi/4.8.4/../../../../arm-none-eabi/lib/armv7e-m\libg_s.a(lib_a-stdio.o)
                0x0000372c                __seofread
 .text.strcat   0x00003730       0x1a c:/freescale/kds_3.0.0/toolchain/bin/../lib/gcc/arm-none-eabi/4.8.4/../../../../arm-none-eabi/lib/armv7e-m\libg_s.a(lib_a-strcat.o)
                0x00003730                strcat
 .text.strchr   0x0000374a       0x1a c:/freescale/kds_3.0.0/toolchain/bin/../lib/gcc/arm-none-eabi/4.8.4/../../../../arm-none-eabi/lib/armv7e-m\libg_s.a(lib_a-strchr.o)
                0x0000374a                strchr
 .text.strcpy   0x00003764       0x10 c:/freescale/kds_3.0.0/toolchain/bin/../lib/gcc/arm-none-eabi/4.8.4/../../../../arm-none-eabi/lib/armv7e-m\libg_s.a(lib_a-strcpy.o)
                0x00003764                strcpy
 .text.strlen   0x00003774       0x10 c:/freescale/kds_3.0.0/toolchain/bin/../lib/gcc/arm-none-eabi/4.8.4/../../../../arm-none-eabi/lib/armv7e-m\libg_s.a(lib_a-strlen.o)
                0x00003774                strlen
 .text.strncmp  0x00003784       0x2e c:/freescale/kds_3.0.0/toolchain/bin/../lib/gcc/arm-none-eabi/4.8.4/../../../../arm-none-eabi/lib/armv7e-m\libg_s.a(lib_a-strncmp.o)
                0x00003784                strncmp
 .text.strncpy  0x000037b2       0x24 c:/freescale/kds_3.0.0/toolchain/bin/../lib/gcc/arm-none-eabi/4.8.4/../../../../arm-none-eabi/lib/armv7e-m\libg_s.a(lib_a-strncpy.o)
                0x000037b2                strncpy
 .text.strstr   0x000037d6       0x32 c:/freescale/kds_3.0.0/toolchain/bin/../lib/gcc/arm-none-eabi/4.8.4/../../../../arm-none-eabi/lib/armv7e-m\libg_s.a(lib_a-strstr.o)
                0x000037d6                strstr
 .text.__ssputs_r
                0x00003808       0xb8 c:/freescale/kds_3.0.0/toolchain/bin/../lib/gcc/arm-none-eabi/4.8.4/../../../../arm-none-eabi/lib/armv7e-m\libg_s.a(lib_a-svfprintf.o)
                0x00003808                __ssputs_r
 .text._svfprintf_r
                0x000038c0      0x1dc c:/freescale/kds_3.0.0/toolchain/bin/../lib/gcc/arm-none-eabi/4.8.4/../../../../arm-none-eabi/lib/armv7e-m\libg_s.a(lib_a-svfprintf.o)
                0x000038c0                _svfiprintf_r
                0x000038c0                _svfprintf_r
 .text._sungetc_r
                0x00003a9c       0x7a c:/freescale/kds_3.0.0/toolchain/bin/../lib/gcc/arm-none-eabi/4.8.4/../../../../arm-none-eabi/lib/armv7e-m\libg_s.a(lib_a-svfscanf.o)
                0x00003a9c                _sungetc_r
 .text.__ssrefill_r
                0x00003b16       0x3a c:/freescale/kds_3.0.0/toolchain/bin/../lib/gcc/arm-none-eabi/4.8.4/../../../../arm-none-eabi/lib/armv7e-m\libg_s.a(lib_a-svfscanf.o)
                0x00003b16                __ssrefill_r
 .text.__ssvfscanf_r
                0x00003b50      0x29c c:/freescale/kds_3.0.0/toolchain/bin/../lib/gcc/arm-none-eabi/4.8.4/../../../../arm-none-eabi/lib/armv7e-m\libg_s.a(lib_a-svfscanf.o)
                0x00003b50                __ssvfiscanf_r
                0x00003b50                __ssvfscanf_r
 .text.__submore
                0x00003dec       0x76 c:/freescale/kds_3.0.0/toolchain/bin/../lib/gcc/arm-none-eabi/4.8.4/../../../../arm-none-eabi/lib/armv7e-m\libg_s.a(lib_a-ungetc.o)
                0x00003dec                __submore
 .text._printf_common
                0x00003e62       0xe4 c:/freescale/kds_3.0.0/toolchain/bin/../lib/gcc/arm-none-eabi/4.8.4/../../../../arm-none-eabi/lib/armv7e-m\libg_s.a(lib_a-vfprintf_i.o)
                0x00003e62                _printf_common
 *fill*         0x00003f46        0x2 
 .text._printf_i
                0x00003f48      0x228 c:/freescale/kds_3.0.0/toolchain/bin/../lib/gcc/arm-none-eabi/4.8.4/../../../../arm-none-eabi/lib/armv7e-m\libg_s.a(lib_a-vfprintf_i.o)
                0x00003f48                _printf_i
 .text._scanf_chars
                0x00004170       0xc0 c:/freescale/kds_3.0.0/toolchain/bin/../lib/gcc/arm-none-eabi/4.8.4/../../../../arm-none-eabi/lib/armv7e-m\libg_s.a(lib_a-vfscanf_i.o)
                0x00004170                _scanf_chars
 .text._scanf_i
                0x00004230      0x1ec c:/freescale/kds_3.0.0/toolchain/bin/../lib/gcc/arm-none-eabi/4.8.4/../../../../arm-none-eabi/lib/armv7e-m\libg_s.a(lib_a-vfscanf_i.o)
                0x00004230                _scanf_i
 .text.memchr   0x0000441c       0x1e c:/freescale/kds_3.0.0/toolchain/bin/../lib/gcc/arm-none-eabi/4.8.4/../../../../arm-none-eabi/lib/armv7e-m\libg_s.a(lib_a-memchr-stub.o)
                0x0000441c                memchr
 .text.memmove  0x0000443a       0x36 c:/freescale/kds_3.0.0/toolchain/bin/../lib/gcc/arm-none-eabi/4.8.4/../../../../arm-none-eabi/lib/armv7e-m\libg_s.a(lib_a-memmove.o)
                0x0000443a                memmove
 .text._free_r  0x00004470       0x88 c:/freescale/kds_3.0.0/toolchain/bin/../lib/gcc/arm-none-eabi/4.8.4/../../../../arm-none-eabi/lib/armv7e-m\libg_s.a(lib_a-nano-freer.o)
                0x00004470                _free_r
 .text._malloc_r
                0x000044f8       0xa8 c:/freescale/kds_3.0.0/toolchain/bin/../lib/gcc/arm-none-eabi/4.8.4/../../../../arm-none-eabi/lib/armv7e-m\libg_s.a(lib_a-nano-mallocr.o)
                0x000044f8                _malloc_r
 .text._realloc_r
                0x000045a0       0x4c c:/freescale/kds_3.0.0/toolchain/bin/../lib/gcc/arm-none-eabi/4.8.4/../../../../arm-none-eabi/lib/armv7e-m\libg_s.a(lib_a-nano-reallocr.o)
                0x000045a0                _realloc_r
 .text._sbrk_r  0x000045ec       0x20 c:/freescale/kds_3.0.0/toolchain/bin/../lib/gcc/arm-none-eabi/4.8.4/../../../../arm-none-eabi/lib/armv7e-m\libg_s.a(lib_a-sbrkr.o)
                0x000045ec                _sbrk_r
 .text.__sccl   0x0000460c       0x64 c:/freescale/kds_3.0.0/toolchain/bin/../lib/gcc/arm-none-eabi/4.8.4/../../../../arm-none-eabi/lib/armv7e-m\libg_s.a(lib_a-sccl.o)
                0x0000460c                __sccl
 .text._strtol_r
                0x00004670      0x104 c:/freescale/kds_3.0.0/toolchain/bin/../lib/gcc/arm-none-eabi/4.8.4/../../../../arm-none-eabi/lib/armv7e-m\libg_s.a(lib_a-strtol.o)
                0x00004670                _strtol_r
 .text._strtoul_r
                0x00004774       0xf0 c:/freescale/kds_3.0.0/toolchain/bin/../lib/gcc/arm-none-eabi/4.8.4/../../../../arm-none-eabi/lib/armv7e-m\libg_s.a(lib_a-strtoul.o)
                0x00004774                _strtoul_r
 .text._malloc_usable_size_r
                0x00004864       0x12 c:/freescale/kds_3.0.0/toolchain/bin/../lib/gcc/arm-none-eabi/4.8.4/../../../../arm-none-eabi/lib/armv7e-m\libg_s.a(lib_a-nano-msizer.o)
                0x00004864                _malloc_usable_size_r
 *fill*         0x00004876        0x2 
 .text._sbrk    0x00004878       0x34 c:/freescale/kds_3.0.0/toolchain/bin/../lib/gcc/arm-none-eabi/4.8.4/../../../../arm-none-eabi/lib/armv7e-m\libnosys.a(sbrk.o)
                0x00004878                _sbrk
 .text._exit    0x000048ac        0x4 c:/freescale/kds_3.0.0/toolchain/bin/../lib/gcc/arm-none-eabi/4.8.4/../../../../arm-none-eabi/lib/armv7e-m\libnosys.a(_exit.o)
                0x000048ac                _exit
 *(.rodata)
 .rodata        0x000048b0      0x638 ./Sources/esp8266_at_command.o
 .rodata        0x00004ee8        0xc c:/freescale/kds_3.0.0/toolchain/bin/../lib/gcc/arm-none-eabi/4.8.4/../../../../arm-none-eabi/lib/armv7e-m\libg_s.a(lib_a-vfscanf_i.o)
 *(.rodata*)
 .rodata.str1.1
                0x00004ef4        0x2 c:/freescale/kds_3.0.0/toolchain/bin/../lib/gcc/arm-none-eabi/4.8.4/../../../../arm-none-eabi/lib/armv7e-m\libg_s.a(lib_a-impure.o)
 *fill*         0x00004ef6        0x2 
 .rodata._global_impure_ptr
                0x00004ef8        0x4 c:/freescale/kds_3.0.0/toolchain/bin/../lib/gcc/arm-none-eabi/4.8.4/../../../../arm-none-eabi/lib/armv7e-m\libg_s.a(lib_a-impure.o)
                0x00004ef8                _global_impure_ptr
 .rodata.str1.1
                0x00004efc       0x11 c:/freescale/kds_3.0.0/toolchain/bin/../lib/gcc/arm-none-eabi/4.8.4/../../../../arm-none-eabi/lib/armv7e-m\libg_s.a(lib_a-svfprintf.o)
 .rodata.str1.1
                0x00000000        0x4 c:/freescale/kds_3.0.0/toolchain/bin/../lib/gcc/arm-none-eabi/4.8.4/../../../../arm-none-eabi/lib/armv7e-m\libg_s.a(lib_a-svfscanf.o)
 .rodata.str1.1
                0x00004f0d       0x22 c:/freescale/kds_3.0.0/toolchain/bin/../lib/gcc/arm-none-eabi/4.8.4/../../../../arm-none-eabi/lib/armv7e-m\libg_s.a(lib_a-vfprintf_i.o)
 .rodata.str1.1
                0x00004f2f       0x1b c:/freescale/kds_3.0.0/toolchain/bin/../lib/gcc/arm-none-eabi/4.8.4/../../../../arm-none-eabi/lib/armv7e-m\libg_s.a(lib_a-vfscanf_i.o)
 .rodata._ctype_
                0x00004f4a      0x101 c:/freescale/kds_3.0.0/toolchain/bin/../lib/gcc/arm-none-eabi/4.8.4/../../../../arm-none-eabi/lib/armv7e-m\libg_s.a(lib_a-ctype_.o)
                0x00004f4a                _ctype_
 *fill*         0x0000504b        0x1 
 .rodata.__sf_fake_stdin
                0x0000504c       0x20 c:/freescale/kds_3.0.0/toolchain/bin/../lib/gcc/arm-none-eabi/4.8.4/../../../../arm-none-eabi/lib/armv7e-m\libg_s.a(lib_a-findfp.o)
                0x0000504c                __sf_fake_stdin
 .rodata.__sf_fake_stdout
                0x0000506c       0x20 c:/freescale/kds_3.0.0/toolchain/bin/../lib/gcc/arm-none-eabi/4.8.4/../../../../arm-none-eabi/lib/armv7e-m\libg_s.a(lib_a-findfp.o)
                0x0000506c                __sf_fake_stdout
 .rodata.__sf_fake_stderr
                0x0000508c       0x20 c:/freescale/kds_3.0.0/toolchain/bin/../lib/gcc/arm-none-eabi/4.8.4/../../../../arm-none-eabi/lib/armv7e-m\libg_s.a(lib_a-findfp.o)
                0x0000508c                __sf_fake_stderr
 *(.glue_7)
 .glue_7        0x00000000        0x0 linker stubs
 *(.glue_7t)
 .glue_7t       0x00000000        0x0 linker stubs
 *(.eh_frame)
 .eh_frame      0x000050ac        0x0 c:/freescale/kds_3.0.0/toolchain/bin/../lib/gcc/arm-none-eabi/4.8.4/armv7e-m/crtbegin.o
 *(.init)
 .init          0x000050ac        0x4 c:/freescale/kds_3.0.0/toolchain/bin/../lib/gcc/arm-none-eabi/4.8.4/armv7e-m/crti.o
                0x000050ac                _init
 .init          0x000050b0        0x8 c:/freescale/kds_3.0.0/toolchain/bin/../lib/gcc/arm-none-eabi/4.8.4/armv7e-m/crtn.o
 *(.fini)
 .fini          0x000050b8        0x4 c:/freescale/kds_3.0.0/toolchain/bin/../lib/gcc/arm-none-eabi/4.8.4/armv7e-m/crti.o
                0x000050b8                _fini
 .fini          0x000050bc        0x8 c:/freescale/kds_3.0.0/toolchain/bin/../lib/gcc/arm-none-eabi/4.8.4/armv7e-m/crtn.o
                0x000050c4                . = ALIGN (0x4)

.vfp11_veneer   0x000050c4        0x0
 .vfp11_veneer  0x00000000        0x0 linker stubs

.v4_bx          0x000050c4        0x0
 .v4_bx         0x00000000        0x0 linker stubs

.iplt           0x000050c4        0x0
 .iplt          0x00000000        0x0 c:/freescale/kds_3.0.0/toolchain/bin/../lib/gcc/arm-none-eabi/4.8.4/armv7e-m/crtbegin.o

.ARM.extab
 *(.ARM.extab* .gnu.linkonce.armextab.*)

.ARM            0x000050c4        0x8
                0x000050c4                __exidx_start = .
 *(.ARM.exidx*)
 .ARM.exidx     0x000050c4        0x8 c:/freescale/kds_3.0.0/toolchain/bin/../lib/gcc/arm-none-eabi/4.8.4/../../../../arm-none-eabi/lib/armv7e-m/crt0.o
                0x000050cc                __exidx_end = .

.rel.dyn        0x000050cc        0x0
 .rel.iplt      0x00000000        0x0 c:/freescale/kds_3.0.0/toolchain/bin/../lib/gcc/arm-none-eabi/4.8.4/armv7e-m/crtbegin.o

.ctors          0x000050cc        0x0
                0x000050cc                __CTOR_LIST__ = .
 *crtbegin.o(.ctors)
 *crtbegin?.o(.ctors)
 *(EXCLUDE_FILE(*crtend.o *crtend?.o) .ctors)
 *(SORT(.ctors.*))
 *(.ctors)
                0x000050cc                __CTOR_END__ = .

.dtors          0x000050cc        0x0
                0x000050cc                __DTOR_LIST__ = .
 *crtbegin.o(.dtors)
 *crtbegin?.o(.dtors)
 *(EXCLUDE_FILE(*crtend.o *crtend?.o) .dtors)
 *(SORT(.dtors.*))
 *(.dtors)
                0x000050cc                __DTOR_END__ = .

.preinit_array  0x000050cc        0x0
                0x000050cc                PROVIDE (__preinit_array_start, .)
 *(.preinit_array*)
                0x000050cc                PROVIDE (__preinit_array_end, .)

.init_array     0x000050cc        0x4
                0x000050cc                PROVIDE (__init_array_start, .)
 *(SORT(.init_array.*))
 *(.init_array*)
 .init_array    0x000050cc        0x4 c:/freescale/kds_3.0.0/toolchain/bin/../lib/gcc/arm-none-eabi/4.8.4/armv7e-m/crtbegin.o
                0x000050d0                PROVIDE (__init_array_end, .)

.fini_array     0x000050d0        0x4
                0x000050d0                PROVIDE (__fini_array_start, .)
 *(SORT(.fini_array.*))
 *(.fini_array*)
 .fini_array    0x000050d0        0x4 c:/freescale/kds_3.0.0/toolchain/bin/../lib/gcc/arm-none-eabi/4.8.4/armv7e-m/crtbegin.o
                0x000050d4                PROVIDE (__fini_array_end, .)
                0x000050d4                __etext = .
                0x000050d4                __DATA_ROM = .

.data           0x1fffc000      0x19c load address 0x000050d4
                0x1fffc000                . = ALIGN (0x4)
                0x1fffc000                __DATA_RAM = .
                0x1fffc000                __data_start__ = .
 *(.data)
 *(.data*)
 .data.cmd_string
                0x1fffc000       0xd8 ./Sources/esp8266_at_command.o
 .data.delimiter_str
                0x1fffc0d8       0x3c ./Sources/esp8266_at_command.o
 .data.uart_base
                0x1fffc114       0x10 ./Sources/uart.o
 .data.fifo_depth_table
                0x1fffc124        0x8 ./Sources/uart.o
 .data.SystemCoreClock
                0x1fffc12c        0x4 ./Project_Settings/Startup_Code/system_MK12D5.o
                0x1fffc12c                SystemCoreClock
 .data.impure_data
                0x1fffc130       0x60 c:/freescale/kds_3.0.0/toolchain/bin/../lib/gcc/arm-none-eabi/4.8.4/../../../../arm-none-eabi/lib/armv7e-m\libg_s.a(lib_a-impure.o)
 .data._impure_ptr
                0x1fffc190        0x4 c:/freescale/kds_3.0.0/toolchain/bin/../lib/gcc/arm-none-eabi/4.8.4/../../../../arm-none-eabi/lib/armv7e-m\libg_s.a(lib_a-impure.o)
                0x1fffc190                _impure_ptr
 .data.__ctype_ptr__
                0x1fffc194        0x4 c:/freescale/kds_3.0.0/toolchain/bin/../lib/gcc/arm-none-eabi/4.8.4/../../../../arm-none-eabi/lib/armv7e-m\libg_s.a(lib_a-ctype_.o)
                0x1fffc194                __ctype_ptr__
 *(.jcr*)
 .jcr           0x1fffc198        0x0 c:/freescale/kds_3.0.0/toolchain/bin/../lib/gcc/arm-none-eabi/4.8.4/armv7e-m/crtbegin.o
 .jcr           0x1fffc198        0x4 c:/freescale/kds_3.0.0/toolchain/bin/../lib/gcc/arm-none-eabi/4.8.4/armv7e-m/crtend.o
                0x1fffc19c                . = ALIGN (0x4)
                0x1fffc19c                __data_end__ = .
                0x00005270                __DATA_END = (__DATA_ROM + (__data_end__ - __data_start__))

.igot.plt       0x1fffc19c        0x0 load address 0x00005270
 .igot.plt      0x00000000        0x0 c:/freescale/kds_3.0.0/toolchain/bin/../lib/gcc/arm-none-eabi/4.8.4/armv7e-m/crtbegin.o

.bss            0x1fffc19c      0xc54 load address 0x00005270
                0x1fffc19c                . = ALIGN (0x4)
                0x1fffc19c                __START_BSS = .
                0x1fffc19c                __bss_start__ = .
 *(.bss)
 .bss           0x1fffc19c       0x1c c:/freescale/kds_3.0.0/toolchain/bin/../lib/gcc/arm-none-eabi/4.8.4/armv7e-m/crtbegin.o
 *(.bss*)
 .bss.cmd_req   0x1fffc1b8       0x80 ./Sources/esp8266_at_command.o
 .bss.cmd_param
                0x1fffc238       0x80 ./Sources/esp8266_at_command.o
 .bss.cmd_resp  0x1fffc2b8      0x800 ./Sources/esp8266_at_command.o
 .bss.resp_len  0x1fffcab8        0x4 ./Sources/esp8266_at_command.o
 .bss.delimiter_id
                0x1fffcabc        0x4 ./Sources/esp8266_at_command.o
 .bss.multi_conn
                0x1fffcac0        0x1 ./Sources/esp8266_at_command.o
 .bss.show_remote_info
                0x1fffcac1        0x1 ./Sources/esp8266_at_command.o
 .bss.send_mode
                0x1fffcac2        0x1 ./Sources/esp8266_at_command.o
 .bss.at_completed
                0x1fffcac3        0x1 ./Sources/esp8266_at_command.o
 .bss.ipd_received
                0x1fffcac4        0x1 ./Sources/esp8266_at_command.o
 *fill*         0x1fffcac5        0x3 
 .bss.i         0x1fffcac8        0x4 ./Sources/main.o
 .bss.g_tick_count
                0x1fffcacc        0x4 ./Sources/timer.o
 .bss.g_callback_table
                0x1fffcad0       0xa0 ./Sources/timer.o
 .bss._uart_receive_completed
                0x1fffcb70        0xc ./Sources/uart.o
 .bss.status    0x1fffcb7c        0x4 ./Sources/uart.o
 .bss.rx_ptr    0x1fffcb80        0xc ./Sources/uart.o
 .bss.tx_ptr    0x1fffcb8c        0xc ./Sources/uart.o
 .bss.rx_buffer_length
                0x1fffcb98        0xc ./Sources/uart.o
 .bss.tx_buffer_length
                0x1fffcba4        0xc ./Sources/uart.o
 .bss.rx_buffer
                0x1fffcbb0        0xc ./Sources/uart.o
 .bss.tx_buffer
                0x1fffcbbc        0xc ./Sources/uart.o
 .bss.rx_fifo_depth
                0x1fffcbc8        0x4 ./Sources/uart.o
 .bss.tx_fifo_depth
                0x1fffcbcc        0x4 ./Sources/uart.o
 .bss.timeout_func_id
                0x1fffcbd0        0xc ./Sources/uart.o
 .bss.timeout_func_installed
                0x1fffcbdc        0x4 ./Sources/uart.o
 .bss.__malloc_sbrk_start
                0x1fffcbe0        0x4 c:/freescale/kds_3.0.0/toolchain/bin/../lib/gcc/arm-none-eabi/4.8.4/../../../../arm-none-eabi/lib/armv7e-m\libg_s.a(lib_a-nano-mallocr.o)
                0x1fffcbe0                __malloc_sbrk_start
 .bss.__malloc_free_list
                0x1fffcbe4        0x4 c:/freescale/kds_3.0.0/toolchain/bin/../lib/gcc/arm-none-eabi/4.8.4/../../../../arm-none-eabi/lib/armv7e-m\libg_s.a(lib_a-nano-mallocr.o)
                0x1fffcbe4                __malloc_free_list
 .bss.heap_end.4246
                0x1fffcbe8        0x4 c:/freescale/kds_3.0.0/toolchain/bin/../lib/gcc/arm-none-eabi/4.8.4/../../../../arm-none-eabi/lib/armv7e-m\libnosys.a(sbrk.o)
 *(COMMON)
 COMMON         0x1fffcbec      0x200 ./Sources/main.o
                0x1fffcbec                buf3
                0x1fffcc6c                buf4
                0x1fffccec                buf1
                0x1fffcd6c                buf2
 COMMON         0x1fffcdec        0x4 c:/freescale/kds_3.0.0/toolchain/bin/../lib/gcc/arm-none-eabi/4.8.4/../../../../arm-none-eabi/lib/armv7e-m\libg_s.a(lib_a-reent.o)
                0x1fffcdec                errno
                0x1fffcdf0                . = ALIGN (0x4)
                0x1fffcdf0                __bss_end__ = .
                0x1fffcdf0                __END_BSS = .

.heap           0x20000000      0x400
                0x20000000                . = ALIGN (0x8)
                0x20000000                __end__ = .
                0x20000000                PROVIDE (end, .)
                0x20000000                __HeapBase = .
                0x20000400                . = (. + HEAP_SIZE)
 *fill*         0x20000000      0x400 
                0x20000400                __HeapLimit = .

.stack          0x20000400      0x400
                0x20000400                . = ALIGN (0x8)
                0x20000800                . = (. + STACK_SIZE)
 *fill*         0x20000400      0x400 
                0x20004000                __StackTop = (ORIGIN (m_data_2) + 0x4000)
                0x20003c00                __StackLimit = (__StackTop - STACK_SIZE)
                0x20004000                PROVIDE (__stack, __StackTop)

.ARM.attributes
                0x00000000       0x2a
 *(.ARM.attributes)
 .ARM.attributes
                0x00000000       0x1e c:/freescale/kds_3.0.0/toolchain/bin/../lib/gcc/arm-none-eabi/4.8.4/armv7e-m/crti.o
 .ARM.attributes
                0x0000001e       0x2e c:/freescale/kds_3.0.0/toolchain/bin/../lib/gcc/arm-none-eabi/4.8.4/armv7e-m/crtbegin.o
 .ARM.attributes
                0x0000004c       0x1c c:/freescale/kds_3.0.0/toolchain/bin/../lib/gcc/arm-none-eabi/4.8.4/../../../../arm-none-eabi/lib/armv7e-m/crt0.o
 .ARM.attributes
                0x00000068       0x33 ./Sources/esp8266_at_command.o
 .ARM.attributes
                0x0000009b       0x33 ./Sources/main.o
 .ARM.attributes
                0x000000ce       0x33 ./Sources/port.o
 .ARM.attributes
                0x00000101       0x33 ./Sources/timer.o
 .ARM.attributes
                0x00000134       0x33 ./Sources/uart.o
 .ARM.attributes
                0x00000167       0x1b ./Project_Settings/Startup_Code/startup_MK12D5.o
 .ARM.attributes
                0x00000182       0x33 ./Project_Settings/Startup_Code/system_MK12D5.o
 .ARM.attributes
                0x000001b5       0x1e c:/freescale/kds_3.0.0/toolchain/bin/../lib/gcc/arm-none-eabi/4.8.4/armv7e-m\libgcc.a(_arm_addsubdf3.o)
 .ARM.attributes
                0x000001d3       0x1e c:/freescale/kds_3.0.0/toolchain/bin/../lib/gcc/arm-none-eabi/4.8.4/armv7e-m\libgcc.a(_arm_muldivdf3.o)
 .ARM.attributes
                0x000001f1       0x1e c:/freescale/kds_3.0.0/toolchain/bin/../lib/gcc/arm-none-eabi/4.8.4/armv7e-m\libgcc.a(_arm_fixunsdfsi.o)
 .ARM.attributes
                0x0000020f       0x1e c:/freescale/kds_3.0.0/toolchain/bin/../lib/gcc/arm-none-eabi/4.8.4/armv7e-m\libgcc.a(_arm_addsubsf3.o)
 .ARM.attributes
                0x0000022d       0x2e c:/freescale/kds_3.0.0/toolchain/bin/../lib/gcc/arm-none-eabi/4.8.4/../../../../arm-none-eabi/lib/armv7e-m\libg_s.a(lib_a-exit.o)
 .ARM.attributes
                0x0000025b       0x2e c:/freescale/kds_3.0.0/toolchain/bin/../lib/gcc/arm-none-eabi/4.8.4/../../../../arm-none-eabi/lib/armv7e-m\libg_s.a(lib_a-impure.o)
 .ARM.attributes
                0x00000289       0x2e c:/freescale/kds_3.0.0/toolchain/bin/../lib/gcc/arm-none-eabi/4.8.4/../../../../arm-none-eabi/lib/armv7e-m\libg_s.a(lib_a-init.o)
 .ARM.attributes
                0x000002b7       0x2e c:/freescale/kds_3.0.0/toolchain/bin/../lib/gcc/arm-none-eabi/4.8.4/../../../../arm-none-eabi/lib/armv7e-m\libg_s.a(lib_a-memcpy-stub.o)
 .ARM.attributes
                0x000002e5       0x2e c:/freescale/kds_3.0.0/toolchain/bin/../lib/gcc/arm-none-eabi/4.8.4/../../../../arm-none-eabi/lib/armv7e-m\libg_s.a(lib_a-memset.o)
 .ARM.attributes
                0x00000313       0x2e c:/freescale/kds_3.0.0/toolchain/bin/../lib/gcc/arm-none-eabi/4.8.4/../../../../arm-none-eabi/lib/armv7e-m\libg_s.a(lib_a-sprintf.o)
 .ARM.attributes
                0x00000341       0x2e c:/freescale/kds_3.0.0/toolchain/bin/../lib/gcc/arm-none-eabi/4.8.4/../../../../arm-none-eabi/lib/armv7e-m\libg_s.a(lib_a-sscanf.o)
 .ARM.attributes
                0x0000036f       0x2e c:/freescale/kds_3.0.0/toolchain/bin/../lib/gcc/arm-none-eabi/4.8.4/../../../../arm-none-eabi/lib/armv7e-m\libg_s.a(lib_a-stdio.o)
 .ARM.attributes
                0x0000039d       0x2e c:/freescale/kds_3.0.0/toolchain/bin/../lib/gcc/arm-none-eabi/4.8.4/../../../../arm-none-eabi/lib/armv7e-m\libg_s.a(lib_a-strcat.o)
 .ARM.attributes
                0x000003cb       0x2e c:/freescale/kds_3.0.0/toolchain/bin/../lib/gcc/arm-none-eabi/4.8.4/../../../../arm-none-eabi/lib/armv7e-m\libg_s.a(lib_a-strchr.o)
 .ARM.attributes
                0x000003f9       0x2e c:/freescale/kds_3.0.0/toolchain/bin/../lib/gcc/arm-none-eabi/4.8.4/../../../../arm-none-eabi/lib/armv7e-m\libg_s.a(lib_a-strcpy.o)
 .ARM.attributes
                0x00000427       0x2e c:/freescale/kds_3.0.0/toolchain/bin/../lib/gcc/arm-none-eabi/4.8.4/../../../../arm-none-eabi/lib/armv7e-m\libg_s.a(lib_a-strlen.o)
 .ARM.attributes
                0x00000455       0x2e c:/freescale/kds_3.0.0/toolchain/bin/../lib/gcc/arm-none-eabi/4.8.4/../../../../arm-none-eabi/lib/armv7e-m\libg_s.a(lib_a-strncmp.o)
 .ARM.attributes
                0x00000483       0x2e c:/freescale/kds_3.0.0/toolchain/bin/../lib/gcc/arm-none-eabi/4.8.4/../../../../arm-none-eabi/lib/armv7e-m\libg_s.a(lib_a-strncpy.o)
 .ARM.attributes
                0x000004b1       0x2e c:/freescale/kds_3.0.0/toolchain/bin/../lib/gcc/arm-none-eabi/4.8.4/../../../../arm-none-eabi/lib/armv7e-m\libg_s.a(lib_a-strstr.o)
 .ARM.attributes
                0x000004df       0x2e c:/freescale/kds_3.0.0/toolchain/bin/../lib/gcc/arm-none-eabi/4.8.4/../../../../arm-none-eabi/lib/armv7e-m\libg_s.a(lib_a-svfprintf.o)
 .ARM.attributes
                0x0000050d       0x2e c:/freescale/kds_3.0.0/toolchain/bin/../lib/gcc/arm-none-eabi/4.8.4/../../../../arm-none-eabi/lib/armv7e-m\libg_s.a(lib_a-svfscanf.o)
 .ARM.attributes
                0x0000053b       0x2e c:/freescale/kds_3.0.0/toolchain/bin/../lib/gcc/arm-none-eabi/4.8.4/../../../../arm-none-eabi/lib/armv7e-m\libg_s.a(lib_a-ungetc.o)
 .ARM.attributes
                0x00000569       0x2e c:/freescale/kds_3.0.0/toolchain/bin/../lib/gcc/arm-none-eabi/4.8.4/../../../../arm-none-eabi/lib/armv7e-m\libg_s.a(lib_a-vfprintf_i.o)
 .ARM.attributes
                0x00000597       0x2e c:/freescale/kds_3.0.0/toolchain/bin/../lib/gcc/arm-none-eabi/4.8.4/../../../../arm-none-eabi/lib/armv7e-m\libg_s.a(lib_a-vfscanf_i.o)
 .ARM.attributes
                0x000005c5       0x2e c:/freescale/kds_3.0.0/toolchain/bin/../lib/gcc/arm-none-eabi/4.8.4/../../../../arm-none-eabi/lib/armv7e-m\libg_s.a(lib_a-ctype_.o)
 .ARM.attributes
                0x000005f3       0x2e c:/freescale/kds_3.0.0/toolchain/bin/../lib/gcc/arm-none-eabi/4.8.4/../../../../arm-none-eabi/lib/armv7e-m\libg_s.a(lib_a-findfp.o)
 .ARM.attributes
                0x00000621       0x2e c:/freescale/kds_3.0.0/toolchain/bin/../lib/gcc/arm-none-eabi/4.8.4/../../../../arm-none-eabi/lib/armv7e-m\libg_s.a(lib_a-memchr-stub.o)
 .ARM.attributes
                0x0000064f       0x2e c:/freescale/kds_3.0.0/toolchain/bin/../lib/gcc/arm-none-eabi/4.8.4/../../../../arm-none-eabi/lib/armv7e-m\libg_s.a(lib_a-memmove.o)
 .ARM.attributes
                0x0000067d       0x2e c:/freescale/kds_3.0.0/toolchain/bin/../lib/gcc/arm-none-eabi/4.8.4/../../../../arm-none-eabi/lib/armv7e-m\libg_s.a(lib_a-nano-freer.o)
 .ARM.attributes
                0x000006ab       0x2e c:/freescale/kds_3.0.0/toolchain/bin/../lib/gcc/arm-none-eabi/4.8.4/../../../../arm-none-eabi/lib/armv7e-m\libg_s.a(lib_a-nano-mallocr.o)
 .ARM.attributes
                0x000006d9       0x2e c:/freescale/kds_3.0.0/toolchain/bin/../lib/gcc/arm-none-eabi/4.8.4/../../../../arm-none-eabi/lib/armv7e-m\libg_s.a(lib_a-nano-reallocr.o)
 .ARM.attributes
                0x00000707       0x2e c:/freescale/kds_3.0.0/toolchain/bin/../lib/gcc/arm-none-eabi/4.8.4/../../../../arm-none-eabi/lib/armv7e-m\libg_s.a(lib_a-reent.o)
 .ARM.attributes
                0x00000735       0x2e c:/freescale/kds_3.0.0/toolchain/bin/../lib/gcc/arm-none-eabi/4.8.4/../../../../arm-none-eabi/lib/armv7e-m\libg_s.a(lib_a-sbrkr.o)
 .ARM.attributes
                0x00000763       0x2e c:/freescale/kds_3.0.0/toolchain/bin/../lib/gcc/arm-none-eabi/4.8.4/../../../../arm-none-eabi/lib/armv7e-m\libg_s.a(lib_a-sccl.o)
 .ARM.attributes
                0x00000791       0x2e c:/freescale/kds_3.0.0/toolchain/bin/../lib/gcc/arm-none-eabi/4.8.4/../../../../arm-none-eabi/lib/armv7e-m\libg_s.a(lib_a-strtol.o)
 .ARM.attributes
                0x000007bf       0x2e c:/freescale/kds_3.0.0/toolchain/bin/../lib/gcc/arm-none-eabi/4.8.4/../../../../arm-none-eabi/lib/armv7e-m\libg_s.a(lib_a-strtoul.o)
 .ARM.attributes
                0x000007ed       0x2e c:/freescale/kds_3.0.0/toolchain/bin/../lib/gcc/arm-none-eabi/4.8.4/../../../../arm-none-eabi/lib/armv7e-m\libg_s.a(lib_a-nano-msizer.o)
 .ARM.attributes
                0x0000081b       0x2e c:/freescale/kds_3.0.0/toolchain/bin/../lib/gcc/arm-none-eabi/4.8.4/../../../../arm-none-eabi/lib/armv7e-m\libnosys.a(sbrk.o)
 .ARM.attributes
                0x00000849       0x2e c:/freescale/kds_3.0.0/toolchain/bin/../lib/gcc/arm-none-eabi/4.8.4/../../../../arm-none-eabi/lib/armv7e-m\libnosys.a(_exit.o)
 .ARM.attributes
                0x00000877       0x2e c:/freescale/kds_3.0.0/toolchain/bin/../lib/gcc/arm-none-eabi/4.8.4/armv7e-m/crtend.o
 .ARM.attributes
                0x000008a5       0x1e c:/freescale/kds_3.0.0/toolchain/bin/../lib/gcc/arm-none-eabi/4.8.4/armv7e-m/crtn.o
                0x00000001                ASSERT ((__StackLimit >= __HeapLimit), region m_data_2 overflowed with stack and heap)
OUTPUT(WiFi_Driver.elf elf32-littlearm)

.debug_info     0x00000000     0x64d5
 .debug_info    0x00000000     0x3901 ./Sources/esp8266_at_command.o
 .debug_info    0x00003901      0x5db ./Sources/main.o
 .debug_info    0x00003edc      0x528 ./Sources/port.o
 .debug_info    0x00004404      0x81d ./Sources/timer.o
 .debug_info    0x00004c21      0xec8 ./Sources/uart.o
 .debug_info    0x00005ae9       0x81 ./Project_Settings/Startup_Code/startup_MK12D5.o
 .debug_info    0x00005b6a      0x96b ./Project_Settings/Startup_Code/system_MK12D5.o

.debug_abbrev   0x00000000      0xb13
 .debug_abbrev  0x00000000      0x239 ./Sources/esp8266_at_command.o
 .debug_abbrev  0x00000239      0x140 ./Sources/main.o
 .debug_abbrev  0x00000379      0x187 ./Sources/port.o
 .debug_abbrev  0x00000500      0x212 ./Sources/timer.o
 .debug_abbrev  0x00000712      0x2ac ./Sources/uart.o
 .debug_abbrev  0x000009be       0x14 ./Project_Settings/Startup_Code/startup_MK12D5.o
 .debug_abbrev  0x000009d2      0x141 ./Project_Settings/Startup_Code/system_MK12D5.o

.debug_aranges  0x00000000      0x4f8
 .debug_aranges
                0x00000000      0x2f8 ./Sources/esp8266_at_command.o
 .debug_aranges
                0x000002f8       0x38 ./Sources/main.o
 .debug_aranges
                0x00000330       0x60 ./Sources/port.o
 .debug_aranges
                0x00000390       0x58 ./Sources/timer.o
 .debug_aranges
                0x000003e8       0xc8 ./Sources/uart.o
 .debug_aranges
                0x000004b0       0x20 ./Project_Settings/Startup_Code/startup_MK12D5.o
 .debug_aranges
                0x000004d0       0x28 ./Project_Settings/Startup_Code/system_MK12D5.o

.debug_ranges   0x00000000      0x478
 .debug_ranges  0x00000000      0x2e8 ./Sources/esp8266_at_command.o
 .debug_ranges  0x000002e8       0x28 ./Sources/main.o
 .debug_ranges  0x00000310       0x50 ./Sources/port.o
 .debug_ranges  0x00000360       0x48 ./Sources/timer.o
 .debug_ranges  0x000003a8       0xb8 ./Sources/uart.o
 .debug_ranges  0x00000460       0x18 ./Project_Settings/Startup_Code/system_MK12D5.o

.debug_macro    0x00000000    0x1227d
 .debug_macro   0x00000000      0x1b9 ./Sources/esp8266_at_command.o
 .debug_macro   0x000001b9      0x84a ./Sources/esp8266_at_command.o
 .debug_macro   0x00000a03       0x58 ./Sources/esp8266_at_command.o
 .debug_macro   0x00000a5b       0x16 ./Sources/esp8266_at_command.o
 .debug_macro   0x00000a71       0x35 ./Sources/esp8266_at_command.o
 .debug_macro   0x00000aa6       0xa3 ./Sources/esp8266_at_command.o
 .debug_macro   0x00000b49       0x16 ./Sources/esp8266_at_command.o
 .debug_macro   0x00000b5f       0x97 ./Sources/esp8266_at_command.o
 .debug_macro   0x00000bf6       0x10 ./Sources/esp8266_at_command.o
 .debug_macro   0x00000c06       0xef ./Sources/esp8266_at_command.o
 .debug_macro   0x00000cf5       0x4a ./Sources/esp8266_at_command.o
 .debug_macro   0x00000d3f       0x52 ./Sources/esp8266_at_command.o
 .debug_macro   0x00000d91       0x16 ./Sources/esp8266_at_command.o
 .debug_macro   0x00000da7       0x43 ./Sources/esp8266_at_command.o
 .debug_macro   0x00000dea      0x180 ./Sources/esp8266_at_command.o
 .debug_macro   0x00000f6a       0x10 ./Sources/esp8266_at_command.o
 .debug_macro   0x00000f7a       0x22 ./Sources/esp8266_at_command.o
 .debug_macro   0x00000f9c       0xbd ./Sources/esp8266_at_command.o
 .debug_macro   0x00001059       0x16 ./Sources/esp8266_at_command.o
 .debug_macro   0x0000106f      0x14a ./Sources/esp8266_at_command.o
 .debug_macro   0x000011b9      0x2a6 ./Sources/esp8266_at_command.o
 .debug_macro   0x0000145f       0x10 ./Sources/esp8266_at_command.o
 .debug_macro   0x0000146f       0x35 ./Sources/esp8266_at_command.o
 .debug_macro   0x000014a4      0x20f ./Sources/esp8266_at_command.o
 .debug_macro   0x000016b3       0x22 ./Sources/esp8266_at_command.o
 .debug_macro   0x000016d5       0x65 ./Sources/esp8266_at_command.o
 .debug_macro   0x0000173a       0x3b ./Sources/esp8266_at_command.o
 .debug_macro   0x00001775       0x34 ./Sources/esp8266_at_command.o
 .debug_macro   0x000017a9       0x26 ./Sources/esp8266_at_command.o
 .debug_macro   0x000017cf      0xba3 ./Sources/esp8266_at_command.o
 .debug_macro   0x00002372       0xd3 ./Sources/esp8266_at_command.o
 .debug_macro   0x00002445     0xf1df ./Sources/esp8266_at_command.o
 .debug_macro   0x00011624       0x9a ./Sources/esp8266_at_command.o
 .debug_macro   0x000116be       0x2e ./Sources/esp8266_at_command.o
 .debug_macro   0x000116ec       0x10 ./Sources/esp8266_at_command.o
 .debug_macro   0x000116fc      0x18a ./Sources/esp8266_at_command.o
 .debug_macro   0x00011886      0x1b5 ./Sources/main.o
 .debug_macro   0x00011a3b      0x1b5 ./Sources/port.o
 .debug_macro   0x00011bf0      0x1b5 ./Sources/timer.o
 .debug_macro   0x00011da5      0x19a ./Sources/uart.o
 .debug_macro   0x00011f3f       0x16 ./Sources/uart.o
 .debug_macro   0x00011f55       0x53 ./Sources/uart.o
 .debug_macro   0x00011fa8       0x88 ./Project_Settings/Startup_Code/system_MK12D5.o
 .debug_macro   0x00012030       0x44 ./Project_Settings/Startup_Code/system_MK12D5.o
 .debug_macro   0x00012074      0x209 ./Project_Settings/Startup_Code/system_MK12D5.o

.debug_line     0x00000000     0x2798
 .debug_line    0x00000000     0x12aa ./Sources/esp8266_at_command.o
 .debug_line    0x000012aa      0x448 ./Sources/main.o
 .debug_line    0x000016f2      0x41a ./Sources/port.o
 .debug_line    0x00001b0c      0x40b ./Sources/timer.o
 .debug_line    0x00001f17      0x56d ./Sources/uart.o
 .debug_line    0x00002484       0x77 ./Project_Settings/Startup_Code/startup_MK12D5.o
 .debug_line    0x000024fb      0x29d ./Project_Settings/Startup_Code/system_MK12D5.o

.debug_str      0x00000000    0x633a3
 .debug_str     0x00000000    0x62693 ./Sources/esp8266_at_command.o
                              0x62a46 (size before relaxing)
 .debug_str     0x00062693       0xb8 ./Sources/main.o
                              0x6200a (size before relaxing)
 .debug_str     0x0006274b      0x1d4 ./Sources/port.o
                              0x61f12 (size before relaxing)
 .debug_str     0x0006291f      0x539 ./Sources/timer.o
                              0x6234a (size before relaxing)
 .debug_str     0x00062e58      0x3e5 ./Sources/uart.o
                              0x61fa9 (size before relaxing)
 .debug_str     0x0006323d      0x166 ./Project_Settings/Startup_Code/system_MK12D5.o
                              0x5ebed (size before relaxing)

.comment        0x00000000       0x70
 .comment       0x00000000       0x70 ./Sources/esp8266_at_command.o
                                 0x71 (size before relaxing)
 .comment       0x00000000       0x71 ./Sources/main.o
 .comment       0x00000000       0x71 ./Sources/port.o
 .comment       0x00000000       0x71 ./Sources/timer.o
 .comment       0x00000000       0x71 ./Sources/uart.o
 .comment       0x00000000       0x71 ./Project_Settings/Startup_Code/system_MK12D5.o

.debug_frame    0x00000000     0x19d0
 .debug_frame   0x00000000      0xbd4 ./Sources/esp8266_at_command.o
 .debug_frame   0x00000bd4       0x8c ./Sources/main.o
 .debug_frame   0x00000c60      0x100 ./Sources/port.o
 .debug_frame   0x00000d60       0xfc ./Sources/timer.o
 .debug_frame   0x00000e5c      0x298 ./Sources/uart.o
 .debug_frame   0x000010f4       0x44 ./Project_Settings/Startup_Code/system_MK12D5.o
 .debug_frame   0x00001138       0x28 c:/freescale/kds_3.0.0/toolchain/bin/../lib/gcc/arm-none-eabi/4.8.4/../../../../arm-none-eabi/lib/armv7e-m\libg_s.a(lib_a-exit.o)
 .debug_frame   0x00001160       0x2c c:/freescale/kds_3.0.0/toolchain/bin/../lib/gcc/arm-none-eabi/4.8.4/../../../../arm-none-eabi/lib/armv7e-m\libg_s.a(lib_a-init.o)
 .debug_frame   0x0000118c       0x28 c:/freescale/kds_3.0.0/toolchain/bin/../lib/gcc/arm-none-eabi/4.8.4/../../../../arm-none-eabi/lib/armv7e-m\libg_s.a(lib_a-memcpy-stub.o)
 .debug_frame   0x000011b4       0x20 c:/freescale/kds_3.0.0/toolchain/bin/../lib/gcc/arm-none-eabi/4.8.4/../../../../arm-none-eabi/lib/armv7e-m\libg_s.a(lib_a-memset.o)
 .debug_frame   0x000011d4       0x58 c:/freescale/kds_3.0.0/toolchain/bin/../lib/gcc/arm-none-eabi/4.8.4/../../../../arm-none-eabi/lib/armv7e-m\libg_s.a(lib_a-sprintf.o)
 .debug_frame   0x0000122c       0x60 c:/freescale/kds_3.0.0/toolchain/bin/../lib/gcc/arm-none-eabi/4.8.4/../../../../arm-none-eabi/lib/armv7e-m\libg_s.a(lib_a-sscanf.o)
 .debug_frame   0x0000128c       0x80 c:/freescale/kds_3.0.0/toolchain/bin/../lib/gcc/arm-none-eabi/4.8.4/../../../../arm-none-eabi/lib/armv7e-m\libg_s.a(lib_a-stdio.o)
 .debug_frame   0x0000130c       0x28 c:/freescale/kds_3.0.0/toolchain/bin/../lib/gcc/arm-none-eabi/4.8.4/../../../../arm-none-eabi/lib/armv7e-m\libg_s.a(lib_a-strcat.o)
 .debug_frame   0x00001334       0x20 c:/freescale/kds_3.0.0/toolchain/bin/../lib/gcc/arm-none-eabi/4.8.4/../../../../arm-none-eabi/lib/armv7e-m\libg_s.a(lib_a-strchr.o)
 .debug_frame   0x00001354       0x20 c:/freescale/kds_3.0.0/toolchain/bin/../lib/gcc/arm-none-eabi/4.8.4/../../../../arm-none-eabi/lib/armv7e-m\libg_s.a(lib_a-strcpy.o)
 .debug_frame   0x00001374       0x20 c:/freescale/kds_3.0.0/toolchain/bin/../lib/gcc/arm-none-eabi/4.8.4/../../../../arm-none-eabi/lib/armv7e-m\libg_s.a(lib_a-strlen.o)
 .debug_frame   0x00001394       0x2c c:/freescale/kds_3.0.0/toolchain/bin/../lib/gcc/arm-none-eabi/4.8.4/../../../../arm-none-eabi/lib/armv7e-m\libg_s.a(lib_a-strncmp.o)
 .debug_frame   0x000013c0       0x28 c:/freescale/kds_3.0.0/toolchain/bin/../lib/gcc/arm-none-eabi/4.8.4/../../../../arm-none-eabi/lib/armv7e-m\libg_s.a(lib_a-strncpy.o)
 .debug_frame   0x000013e8       0x2c c:/freescale/kds_3.0.0/toolchain/bin/../lib/gcc/arm-none-eabi/4.8.4/../../../../arm-none-eabi/lib/armv7e-m\libg_s.a(lib_a-strstr.o)
 .debug_frame   0x00001414       0x88 c:/freescale/kds_3.0.0/toolchain/bin/../lib/gcc/arm-none-eabi/4.8.4/../../../../arm-none-eabi/lib/armv7e-m\libg_s.a(lib_a-svfprintf.o)
 .debug_frame   0x0000149c       0x6c c:/freescale/kds_3.0.0/toolchain/bin/../lib/gcc/arm-none-eabi/4.8.4/../../../../arm-none-eabi/lib/armv7e-m\libg_s.a(lib_a-svfscanf.o)
 .debug_frame   0x00001508       0x5c c:/freescale/kds_3.0.0/toolchain/bin/../lib/gcc/arm-none-eabi/4.8.4/../../../../arm-none-eabi/lib/armv7e-m\libg_s.a(lib_a-ungetc.o)
 .debug_frame   0x00001564       0x60 c:/freescale/kds_3.0.0/toolchain/bin/../lib/gcc/arm-none-eabi/4.8.4/../../../../arm-none-eabi/lib/armv7e-m\libg_s.a(lib_a-vfprintf_i.o)
 .debug_frame   0x000015c4       0x58 c:/freescale/kds_3.0.0/toolchain/bin/../lib/gcc/arm-none-eabi/4.8.4/../../../../arm-none-eabi/lib/armv7e-m\libg_s.a(lib_a-vfscanf_i.o)
 .debug_frame   0x0000161c      0x12c c:/freescale/kds_3.0.0/toolchain/bin/../lib/gcc/arm-none-eabi/4.8.4/../../../../arm-none-eabi/lib/armv7e-m\libg_s.a(lib_a-findfp.o)
 .debug_frame   0x00001748       0x28 c:/freescale/kds_3.0.0/toolchain/bin/../lib/gcc/arm-none-eabi/4.8.4/../../../../arm-none-eabi/lib/armv7e-m\libg_s.a(lib_a-memchr-stub.o)
 .debug_frame   0x00001770       0x2c c:/freescale/kds_3.0.0/toolchain/bin/../lib/gcc/arm-none-eabi/4.8.4/../../../../arm-none-eabi/lib/armv7e-m\libg_s.a(lib_a-memmove.o)
 .debug_frame   0x0000179c       0x2c c:/freescale/kds_3.0.0/toolchain/bin/../lib/gcc/arm-none-eabi/4.8.4/../../../../arm-none-eabi/lib/armv7e-m\libg_s.a(lib_a-nano-freer.o)
 .debug_frame   0x000017c8       0x2c c:/freescale/kds_3.0.0/toolchain/bin/../lib/gcc/arm-none-eabi/4.8.4/../../../../arm-none-eabi/lib/armv7e-m\libg_s.a(lib_a-nano-mallocr.o)
 .debug_frame   0x000017f4       0x30 c:/freescale/kds_3.0.0/toolchain/bin/../lib/gcc/arm-none-eabi/4.8.4/../../../../arm-none-eabi/lib/armv7e-m\libg_s.a(lib_a-nano-reallocr.o)
 .debug_frame   0x00001824       0x48 c:/freescale/kds_3.0.0/toolchain/bin/../lib/gcc/arm-none-eabi/4.8.4/../../../../arm-none-eabi/lib/armv7e-m\libg_s.a(lib_a-reent.o)
 .debug_frame   0x0000186c       0x2c c:/freescale/kds_3.0.0/toolchain/bin/../lib/gcc/arm-none-eabi/4.8.4/../../../../arm-none-eabi/lib/armv7e-m\libg_s.a(lib_a-sbrkr.o)
 .debug_frame   0x00001898       0x30 c:/freescale/kds_3.0.0/toolchain/bin/../lib/gcc/arm-none-eabi/4.8.4/../../../../arm-none-eabi/lib/armv7e-m\libg_s.a(lib_a-sccl.o)
 .debug_frame   0x000018c8       0x54 c:/freescale/kds_3.0.0/toolchain/bin/../lib/gcc/arm-none-eabi/4.8.4/../../../../arm-none-eabi/lib/armv7e-m\libg_s.a(lib_a-strtol.o)
 .debug_frame   0x0000191c       0x54 c:/freescale/kds_3.0.0/toolchain/bin/../lib/gcc/arm-none-eabi/4.8.4/../../../../arm-none-eabi/lib/armv7e-m\libg_s.a(lib_a-strtoul.o)
 .debug_frame   0x00001970       0x20 c:/freescale/kds_3.0.0/toolchain/bin/../lib/gcc/arm-none-eabi/4.8.4/../../../../arm-none-eabi/lib/armv7e-m\libg_s.a(lib_a-nano-msizer.o)
 .debug_frame   0x00001990       0x20 c:/freescale/kds_3.0.0/toolchain/bin/../lib/gcc/arm-none-eabi/4.8.4/../../../../arm-none-eabi/lib/armv7e-m\libnosys.a(sbrk.o)
 .debug_frame   0x000019b0       0x20 c:/freescale/kds_3.0.0/toolchain/bin/../lib/gcc/arm-none-eabi/4.8.4/../../../../arm-none-eabi/lib/armv7e-m\libnosys.a(_exit.o)

.stabstr        0x00000000       0xdf
 .stabstr       0x00000000       0xdf c:/freescale/kds_3.0.0/toolchain/bin/../lib/gcc/arm-none-eabi/4.8.4/../../../../arm-none-eabi/lib/armv7e-m\libnosys.a(close.o)
